// Jest Snapshot v1, https://goo.gl/fbAQLP

exports[`state matches the snapshot 1`] = `
Object {
  "ui": Object {
    "appControl": Object {
      "coordinates": Object {},
      "hasFailedGrabbingClientLocation": false,
      "isGrabbingClientLocation": false,
      "selection": null,
      "startingCoordinates": null,
    },
  },
}
`;
