// Jest Snapshot v1, https://goo.gl/fbAQLP

exports[`state matches the snapshot 1`] = `
Object {
  "routes": Object {
    "queries": Object {},
  },
  "ui": Object {
    "appControl": Object {
      "coordinates": Object {},
      "dropoffCoordinates": Array [],
      "hasFailedGrabbingClientLocation": false,
      "isGrabbingClientLocation": false,
      "selection": null,
      "startingCoordinates": null,
    },
    "mode": "appControl",
    "routes": Object {
      "query": null,
    },
  },
}
`;
