// Jest Snapshot v1, https://goo.gl/fbAQLP

exports[`ui matches the snapshot 1`] = `
Object {
  "appControl": Object {
    "coordinates": Object {},
    "dropoffCoordinates": Array [],
    "hasFailedGrabbingClientLocation": false,
    "isGrabbingClientLocation": false,
    "selection": null,
    "startingCoordinates": null,
  },
  "mode": "appControl",
  "routes": Object {
    "query": null,
  },
}
`;

exports[`ui mode matches the snapshot 1`] = `"appControl"`;
